2026-09-07 23:54:33,706 | INFO | SIMULATION_CRASH
2026-09-07 23:54:58,327 | INFO | SIMULATION_CRASH
2026-09-07 23:55:12,728 | INFO | SIMULATION_CRASH
2026-09-07 23:56:16,534 | INFO | SYSTEM_STARTED
2026-09-07 23:56:16,543 | INFO | SIMULATION_CRASH
2026-09-07 23:56:16,548 | INFO | SYSTEM_RESET
2026-09-08 00:36:12,031 | INFO | SYSTEM_STARTED
2026-09-08 00:37:07,434 | INFO | SIMULATION_CRASH
2026-09-08 00:37:08,002 | INFO | SIMULATION_CRASH
2026-09-08 00:37:12,258 | INFO | FAULT_DETECTED | SERVICE_FAILURE
2026-09-08 00:37:12,258 | INFO | FAULT_DIAGNOSED | The application process may have stopped.
2026-09-08 00:37:12,264 | INFO | RECOVERY_STARTED | RESTART_SERVICE
2026-09-08 00:37:12,270 | INFO | RECOVERY_SUCCESS | SUCCESS
2026-09-08 00:37:12,270 | INFO | FAULT_DETECTED | HEALTH_CHECK_FAILURE
2026-09-08 00:37:12,270 | INFO | FAULT_DIAGNOSED | The application is not responding correctly.
2026-09-08 00:37:12,277 | INFO | RECOVERY_STARTED | REINITIALIZE_SERVICE
2026-09-08 00:37:12,284 | INFO | RECOVERY_SUCCESS | SUCCESS
2026-09-08 00:37:56,971 | INFO | SIMULATION_HIGH_CPU
2026-09-08 00:37:57,455 | INFO | FAULT_DETECTED | CPU_OVERLOAD
2026-09-08 00:37:57,455 | INFO | FAULT_DIAGNOSED | The application or system may be consuming excessive CPU.
2026-09-08 00:37:57,462 | INFO | RECOVERY_STARTED | CONTROLLED_RESTART
2026-09-08 00:37:57,468 | INFO | RECOVERY_SUCCESS | SUCCESS
2026-09-08 00:38:07,117 | INFO | SIMULATION_CRASH
2026-09-08 00:38:07,504 | INFO | FAULT_DETECTED | SERVICE_FAILURE
2026-09-08 00:38:07,504 | INFO | FAULT_DIAGNOSED | The application process may have stopped.
2026-09-08 00:38:07,513 | INFO | RECOVERY_STARTED | RESTART_SERVICE
2026-09-08 00:38:07,521 | INFO | RECOVERY_SUCCESS | SUCCESS
2026-09-08 00:38:07,522 | INFO | FAULT_DETECTED | HEALTH_CHECK_FAILURE
2026-09-08 00:38:07,522 | INFO | FAULT_DIAGNOSED | The application is not responding correctly.
2026-09-08 00:38:07,528 | INFO | RECOVERY_STARTED | REINITIALIZE_SERVICE
2026-09-08 00:38:07,535 | INFO | RECOVERY_SUCCESS | SUCCESS
2026-09-08 00:38:08,987 | INFO | SIMULATION_CRASH
2026-09-08 00:38:12,554 | INFO | FAULT_DETECTED | SERVICE_FAILURE
2026-09-08 00:38:12,554 | INFO | FAULT_DIAGNOSED | The application process may have stopped.
2026-09-08 00:38:12,564 | INFO | RECOVERY_STARTED | RESTART_SERVICE
2026-09-08 00:38:12,573 | INFO | RECOVERY_SUCCESS | SUCCESS
2026-09-08 00:38:12,574 | INFO | FAULT_DETECTED | HEALTH_CHECK_FAILURE
2026-09-08 00:38:12,574 | INFO | FAULT_DIAGNOSED | The application is not responding correctly.
2026-09-08 00:38:12,583 | INFO | RECOVERY_STARTED | REINITIALIZE_SERVICE
2026-09-08 00:38:12,594 | INFO | RECOVERY_SUCCESS | SUCCESS
2026-09-08 01:35:15,776 | INFO | SYSTEM_STARTED
2026-09-08 01:36:34,234 | INFO | SYSTEM_STARTED
2026-09-08 01:39:40,001 | INFO | SYSTEM_STARTED
2026-09-08 01:44:17,990 | INFO | SIMULATION_CRASH
2026-09-08 01:44:20,283 | INFO | SIMULATION_CRASH
2026-09-08 01:44:20,554 | INFO | FAULT_DETECTED | SERVICE_FAILURE
2026-09-08 01:44:20,555 | INFO | FAULT_DIAGNOSED | The application process may have stopped.
2026-09-08 01:44:20,568 | INFO | RECOVERY_STARTED | RESTART_SERVICE
2026-09-08 01:44:20,580 | INFO | RECOVERY_SUCCESS | SUCCESS
2026-09-08 01:44:20,580 | INFO | FAULT_DETECTED | HEALTH_CHECK_FAILURE
2026-09-08 01:44:20,580 | INFO | FAULT_DIAGNOSED | The application is not responding correctly.
2026-09-08 01:44:20,597 | INFO | RECOVERY_STARTED | REINITIALIZE_SERVICE
2026-09-08 01:44:20,614 | INFO | RECOVERY_SUCCESS | SUCCESS
2026-09-08 02:19:35,857 | INFO | SYSTEM_STARTED
2026-09-08 02:35:34,893 | INFO | SYSTEM_STARTED
2026-09-08 02:56:32,067 | INFO | SYSTEM_STARTED
2026-09-08 03:12:54,761 | INFO | SYSTEM_STARTED
2026-09-08 03:14:18,938 | INFO | SIMULATION_CRASH
2026-09-08 03:14:20,148 | INFO | FAULT_DETECTED | SERVICE_FAILURE
2026-09-08 03:14:20,148 | INFO | FAULT_DIAGNOSED | The application process may have stopped.
2026-09-08 03:14:20,164 | INFO | RECOVERY_STARTED | RESTART_SERVICE
2026-09-08 03:14:20,179 | INFO | RECOVERY_SUCCESS | SUCCESS
2026-09-08 03:14:20,179 | INFO | FAULT_DETECTED | HEALTH_CHECK_FAILURE
2026-09-08 03:14:20,179 | INFO | FAULT_DIAGNOSED | The application is not responding correctly.
2026-09-08 03:14:20,192 | INFO | RECOVERY_STARTED | REINITIALIZE_SERVICE
2026-09-08 03:14:20,205 | INFO | RECOVERY_SUCCESS | SUCCESS
2026-09-08 03:14:24,211 | INFO | SIMULATION_HIGH_CPU
2026-09-08 03:14:25,218 | INFO | FAULT_DETECTED | CPU_OVERLOAD
2026-09-08 03:14:25,219 | INFO | FAULT_DIAGNOSED | The application or system may be consuming excessive CPU.
2026-09-08 03:14:25,235 | INFO | RECOVERY_STARTED | CONTROLLED_RESTART
2026-09-08 03:14:25,248 | INFO | RECOVERY_SUCCESS | SUCCESS
2026-09-08 03:14:26,088 | INFO | SIMULATION_HIGH_MEMORY
2026-09-08 03:14:30,261 | INFO | FAULT_DETECTED | MEMORY_OVERLOAD
2026-09-08 03:14:30,261 | INFO | FAULT_DIAGNOSED | Excessive memory consumption was detected.
2026-09-08 03:14:30,278 | INFO | RECOVERY_STARTED | CONTROLLED_RESTART
2026-09-08 03:14:30,291 | INFO | RECOVERY_SUCCESS | SUCCESS
2026-09-08 03:23:17,970 | INFO | SYSTEM_STARTED
